{
  "archive_path": "C:\\Users\\ayomc\\Desktop\\GLOBAL TALENT EXCHANGE\\2nd.zip",
  "archive_sha256": "8963e625c0c06c4433467c08e1d10aff7c87ccefe1392c259022b9784432a057",
  "batch_key": "2nd-zip-8963e625c0c0-all",
  "batch_size": 1000,
  "counts": {
    "duplicate_skipped": 0,
    "eligible_rows": 3667,
    "failed": 0,
    "fallback_valued": 0,
    "free_agent_fallback": 949,
    "inserted": 0,
    "mapped_partial": 949,
    "mapped_ready": 2718,
    "publish_ready": 2718,
    "published": 0,
    "total_rows_read": 20000,
    "unresolved": 0,
    "updated": 0
  },
  "error_message": "(psycopg.OperationalError) consuming input failed: server closed the connection unexpectedly\n\tThis probably means the server terminated abnormally\n\tbefore or while processing the request.\nserver closed the connection unexpectedly\n\tThis probably means the server terminated abnormally\n\tbefore or while processing the request.\n[SQL: INSERT INTO real_player_import_rows (batch_id, row_number, source_name, source_player_key, canonical_name, status, match_action, import_action, identity_confidence_score, gtex_player_id, source_link_id, real_player_profile_id, authoritative_snapshot_id, player_import_item_id, normalized_full_name, normalized_display_name, name_token_signature, exact_identity_key, name_birthyear_club_key, name_birthyear_nationality_key, normalized_nationality, nationality_code, primary_position_key, secondary_position_keys_json, position_family, dominant_foot, height_cm, club_reference_key, league_reference_key, processed_at, raw_payload_json, normalized_payload_json, import_metadata_json, validation_errors_json, candidate_players_json, review_status, review_reason, audit_findings_json, id, created_at, updated_at) VALUES (%(batch_id)s::VARCHAR, %(row_number)s::INTEGER, %(source_name)s::VARCHAR, %(source_player_key)s::VARCHAR, %(canonical_name)s::VARCHAR, %(status)s::VARCHAR, %(match_action)s::VARCHAR, %(import_action)s::VARCHAR, %(identity_confidence_score)s, %(gtex_player_id)s::VARCHAR, %(source_link_id)s::VARCHAR, %(real_player_profile_id)s::VARCHAR, %(authoritative_snapshot_id)s::VARCHAR, %(player_import_item_id)s::VARCHAR, %(normalized_full_name)s::VARCHAR, %(normalized_display_name)s::VARCHAR, %(name_token_signature)s::VARCHAR, %(exact_identity_key)s::VARCHAR, %(name_birthyear_club_key)s::VARCHAR, %(name_birthyear_nationality_key)s::VARCHAR, %(normalized_nationality)s::VARCHAR, %(nationality_code)s::VARCHAR, %(primary_position_key)s::VARCHAR, %(secondary_position_keys_json)s::JSON, %(position_family)s::VARCHAR, %(dominant_foot)s::VARCHAR, %(height_cm)s::INTEGER, %(club_reference_key)s::VARCHAR, %(league_reference_key)s::VARCHAR, %(processed_at)s::TIMESTAMP WITH TIME ZONE, %(raw_payload_json)s::JSON, %(normalized_payload_json)s::JSON, %(import_metadata_json)s::JSON, %(validation_errors_json)s::JSON, %(candidate_players_json)s::JSON, %(review_status)s::VARCHAR, %(review_reason)s::VARCHAR, %(audit_findings_json)s::JSON, %(id)s::VARCHAR, %(created_at)s::TIMESTAMP WITH TIME ZONE, %(updated_at)s::TIMESTAMP WITH TIME ZONE)]\n[parameters: {'batch_id': 'b952566f-1c3f-48ba-83d5-cbc847d51b84', 'row_number': 18, 'source_name': 'transfermarkt_2nd_zip', 'source_player_key': '354784', 'canonical_name': 'Duy Manh Do', 'status': 'skipped', 'match_action': 'create_new', 'import_action': 'skipped_mapping', 'identity_confidence_score': 0.93, 'gtex_player_id': None, 'source_link_id': None, 'real_player_profile_id': None, 'authoritative_snapshot_id': None, 'player_import_item_id': 'b8dd7916-76dc-47f2-b634-a7f114aa6bee', 'normalized_full_name': 'duy manh do', 'normalized_display_name': 'duy manh do', 'name_token_signature': 'do|duy|manh', 'exact_identity_key': 'duy manh do|1996-09-29', 'name_birthyear_club_key': 'do|duy|manh|1996|club:unattached', 'name_birthyear_nationality_key': 'do|duy|manh|1996|nat:185', 'normalized_nationality': 'vietnam', 'nationality_code': '185', 'primary_position_key': 'centre_back', 'secondary_position_keys_json': Json([]), 'position_family': 'defender', 'dominant_foot': 'right', 'height_cm': 180, 'club_reference_key': 'unattached', 'league_reference_key': None, 'processed_at': None, 'raw_payload_json': Json({'source_name': 'transfermarkt_2nd_ ... (986 chars)), 'normalized_payload_json': Json({'identity': {'source_name': 'trans ... (1442 chars)), 'import_metadata_json': Json({'player_import_item_id': 'b8dd7916 ... (1643 chars)), 'validation_errors_json': Json([\"Canonical club mapping for 'Unatt ... (136 chars)), 'candidate_players_json': Json([]), 'review_status': 'needs_review', 'review_reason': 'mapped_partial', 'audit_findings_json': Json([{'finding_type': 'skipped_club_map ... (668 chars)), 'id': 'a72ad555-bd77-48ba-8a2e-6da468f55ee0', 'created_at': datetime.datetime(2026, 3, 27, 12, 55, 3, 420790, tzinfo=datetime.timezone.utc), 'updated_at': datetime.datetime(2026, 3, 27, 12, 55, 3, 420796, tzinfo=datetime.timezone.utc)}]\n(Background on this error at: https://sqlalche.me/e/20/e3q8)",
  "limit": null,
  "next_resume_row_number": 20001,
  "read_exhausted": false,
  "run_id": "b73c52f5-5bab-4a4c-941b-dfc4a80b94ca",
  "scope_complete": false,
  "selected_row_count": 0,
  "status": "failed"
}
