Traceback (most recent call last):
  File "C:\Users\ayomc\Desktop\GLOBAL TALENT EXCHANGE\backend\scripts\real_player_import_from_2nd_zip.py", line 195, in <module>
    raise SystemExit(main())
                     ~~~~^^
  File "C:\Users\ayomc\Desktop\GLOBAL TALENT EXCHANGE\backend\scripts\real_player_import_from_2nd_zip.py", line 114, in main
    service = build_service(database_url=args.database_url)
  File "C:\Users\ayomc\Desktop\GLOBAL TALENT EXCHANGE\backend\scripts\real_player_import_from_2nd_zip.py", line 79, in build_service
    initialize_database_connection(engine, run_migration_check=settings.run_migration_check)
    ~~~~~~~~~~~~~~~~~~~~~~~~~~~~~~^^^^^^^^^^^^^^^^^^^^^^^^^^^^^^^^^^^^^^^^^^^^^^^^^^^^^^^^^^
  File "C:\Users\ayomc\Desktop\GLOBAL TALENT EXCHANGE\backend\app\core\database.py", line 131, in initialize_database_connection
    load_model_modules()
    ~~~~~~~~~~~~~~~~~~^^
  File "C:\Users\ayomc\Desktop\GLOBAL TALENT EXCHANGE\backend\app\core\database.py", line 57, in load_model_modules
    import_module(module_path)
    ~~~~~~~~~~~~~^^^^^^^^^^^^^
  File "C:\Python314\Lib\importlib\__init__.py", line 88, in import_module
    return _bootstrap._gcd_import(name[level:], package, level)
           ~~~~~~~~~~~~~~~~~~~~~~^^^^^^^^^^^^^^^^^^^^^^^^^^^^^^
  File "<frozen importlib._bootstrap>", line 1398, in _gcd_import
  File "<frozen importlib._bootstrap>", line 1371, in _find_and_load
  File "<frozen importlib._bootstrap>", line 1314, in _find_and_load_unlocked
  File "<frozen importlib._bootstrap>", line 491, in _call_with_frames_removed
  File "<frozen importlib._bootstrap>", line 1398, in _gcd_import
  File "<frozen importlib._bootstrap>", line 1371, in _find_and_load
  File "<frozen importlib._bootstrap>", line 1314, in _find_and_load_unlocked
  File "<frozen importlib._bootstrap>", line 491, in _call_with_frames_removed
  File "<frozen importlib._bootstrap>", line 1398, in _gcd_import
  File "<frozen importlib._bootstrap>", line 1371, in _find_and_load
  File "<frozen importlib._bootstrap>", line 1342, in _find_and_load_unlocked
  File "<frozen importlib._bootstrap>", line 938, in _load_unlocked
  File "<frozen importlib._bootstrap_external>", line 759, in exec_module
  File "<frozen importlib._bootstrap>", line 491, in _call_with_frames_removed
  File "C:\Users\ayomc\Desktop\GLOBAL TALENT EXCHANGE\backend\app\fast_cups\__init__.py", line 4, in <module>
    from app.fast_cups.module import FAST_CUPS_MODULE
  File "C:\Users\ayomc\Desktop\GLOBAL TALENT EXCHANGE\backend\app\fast_cups\module.py", line 3, in <module>
    from app.core.module import DomainModule
  File "C:\Users\ayomc\Desktop\GLOBAL TALENT EXCHANGE\backend\app\core\module.py", line 10, in <module>
    from app.core.container import ApplicationContext
  File "C:\Users\ayomc\Desktop\GLOBAL TALENT EXCHANGE\backend\app\core\container.py", line 9, in <module>
    from app.backbone.kafka import KafkaBackboneUnavailable, KafkaJsonProducer
  File "C:\Users\ayomc\Desktop\GLOBAL TALENT EXCHANGE\backend\app\backbone\__init__.py", line 4, in <module>
    from .queue_runtime import ApiQueueConsumerService, SimulationQueueConsumerService
  File "C:\Users\ayomc\Desktop\GLOBAL TALENT EXCHANGE\backend\app\backbone\queue_runtime.py", line 14, in <module>
    from app.match_engine.services.execution_runtime import LocalMatchExecutionWorker
  File "C:\Users\ayomc\Desktop\GLOBAL TALENT EXCHANGE\backend\app\match_engine\services\__init__.py", line 2, in <module>
    from app.match_engine.services.execution_runtime import (
    ...<3 lines>...
    )
  File "C:\Users\ayomc\Desktop\GLOBAL TALENT EXCHANGE\backend\app\match_engine\services\execution_runtime.py", line 14, in <module>
    from app.backbone.queue_runtime import ApiQueueConsumerService
ImportError: cannot import name 'ApiQueueConsumerService' from partially initialized module 'app.backbone.queue_runtime' (most likely due to a circular import) (C:\Users\ayomc\Desktop\GLOBAL TALENT EXCHANGE\backend\app\backbone\queue_runtime.py)
