{
  "version": "1.5.0",
  "plugins_used": [
    {
      "name": "ArtifactoryDetector"
    },
    {
      "name": "AWSKeyDetector"
    },
    {
      "name": "AzureStorageKeyDetector"
    },
    {
      "name": "Base64HighEntropyString",
      "limit": 4.5
    },
    {
      "name": "BasicAuthDetector"
    },
    {
      "name": "CloudantDetector"
    },
    {
      "name": "DiscordBotTokenDetector"
    },
    {
      "name": "GitHubTokenDetector"
    },
    {
      "name": "GitLabTokenDetector"
    },
    {
      "name": "HexHighEntropyString",
      "limit": 3.0
    },
    {
      "name": "IbmCloudIamDetector"
    },
    {
      "name": "IbmCosHmacDetector"
    },
    {
      "name": "IPPublicDetector"
    },
    {
      "name": "JwtTokenDetector"
    },
    {
      "name": "KeywordDetector",
      "keyword_exclude": ""
    },
    {
      "name": "MailchimpDetector"
    },
    {
      "name": "NpmDetector"
    },
    {
      "name": "OpenAIDetector"
    },
    {
      "name": "PrivateKeyDetector"
    },
    {
      "name": "PypiTokenDetector"
    },
    {
      "name": "SendGridDetector"
    },
    {
      "name": "SlackDetector"
    },
    {
      "name": "SoftlayerDetector"
    },
    {
      "name": "SquareOAuthDetector"
    },
    {
      "name": "StripeDetector"
    },
    {
      "name": "TelegramBotTokenDetector"
    },
    {
      "name": "TwilioKeyDetector"
    }
  ],
  "filters_used": [
    {
      "path": "detect_secrets.filters.allowlist.is_line_allowlisted"
    },
    {
      "path": "detect_secrets.filters.common.is_baseline_file",
      "filename": ".secrets.baseline"
    },
    {
      "path": "detect_secrets.filters.heuristic.is_indirect_reference"
    },
    {
      "path": "detect_secrets.filters.heuristic.is_likely_id_string"
    },
    {
      "path": "detect_secrets.filters.heuristic.is_lock_file"
    },
    {
      "path": "detect_secrets.filters.heuristic.is_not_alphanumeric_string"
    },
    {
      "path": "detect_secrets.filters.heuristic.is_potential_uuid"
    },
    {
      "path": "detect_secrets.filters.heuristic.is_prefixed_with_dollar_sign"
    },
    {
      "path": "detect_secrets.filters.heuristic.is_sequential_string"
    },
    {
      "path": "detect_secrets.filters.heuristic.is_swagger_file"
    },
    {
      "path": "detect_secrets.filters.heuristic.is_templated_secret"
    }
  ],
  "results": {
    "ADMIN_SETUP_GUIDE.md": [
      {
        "type": "Secret Keyword",
        "filename": "ADMIN_SETUP_GUIDE.md",
        "hashed_secret": "e595e2461949aaf82eb0f48ba9815871c0a822c5",
        "is_verified": false,
        "line_number": 7
      }
    ],
    "Docs\\RUNBOOK_LOCAL_DEV.md": [
      {
        "type": "Secret Keyword",
        "filename": "Docs\\RUNBOOK_LOCAL_DEV.md",
        "hashed_secret": "09a8407664417440276aea88afadb44343a3e33f",
        "is_verified": false,
        "line_number": 48
      }
    ],
    "backend\\app\\auth\\security.py": [
      {
        "type": "Secret Keyword",
        "filename": "backend\\app\\auth\\security.py",
        "hashed_secret": "7770a919892a1a61bc58fb2c2aa629e4055487ef",
        "is_verified": false,
        "line_number": 18
      }
    ],
    "backend\\app\\economy\\service.py": [
      {
        "type": "Secret Keyword",
        "filename": "backend\\app\\economy\\service.py",
        "hashed_secret": "18232f2dbc25e5ea7f41efebd76de87dba739017",
        "is_verified": false,
        "line_number": 56
      },
      {
        "type": "Secret Keyword",
        "filename": "backend\\app\\economy\\service.py",
        "hashed_secret": "c46744b0d17f0be187f9baec55be22dfbd545165",
        "is_verified": false,
        "line_number": 64
      },
      {
        "type": "Secret Keyword",
        "filename": "backend\\app\\economy\\service.py",
        "hashed_secret": "ffe0430fcf0c3b313f4ad29c531f638b620555f9",
        "is_verified": false,
        "line_number": 72
      },
      {
        "type": "Secret Keyword",
        "filename": "backend\\app\\economy\\service.py",
        "hashed_secret": "fe9a3df03fcb4996af974524673ff308427a5eef",
        "is_verified": false,
        "line_number": 80
      },
      {
        "type": "Secret Keyword",
        "filename": "backend\\app\\economy\\service.py",
        "hashed_secret": "5818a9de89da2f19976dff15ca2f7be709b8832d",
        "is_verified": false,
        "line_number": 96
      },
      {
        "type": "Secret Keyword",
        "filename": "backend\\app\\economy\\service.py",
        "hashed_secret": "edb9408c45cc044ab0f148aa06abc13976df3ecb",
        "is_verified": false,
        "line_number": 104
      },
      {
        "type": "Secret Keyword",
        "filename": "backend\\app\\economy\\service.py",
        "hashed_secret": "6ef79a26eb81ed0571014562812e847d8661d559",
        "is_verified": false,
        "line_number": 112
      },
      {
        "type": "Secret Keyword",
        "filename": "backend\\app\\economy\\service.py",
        "hashed_secret": "1c15e6148aea6372f1a06a9c26edda048fbb848e",
        "is_verified": false,
        "line_number": 120
      }
    ],
    "backend\\app\\ingestion\\audit_regen_cohort.py": [
      {
        "type": "Secret Keyword",
        "filename": "backend\\app\\ingestion\\audit_regen_cohort.py",
        "hashed_secret": "c7171cd4758890a2db27213c4fd46072dc5ceef1",
        "is_verified": false,
        "line_number": 266
      }
    ],
    "backend\\app\\ingestion\\constants.py": [
      {
        "type": "Secret Keyword",
        "filename": "backend\\app\\ingestion\\constants.py",
        "hashed_secret": "3b265e0c3654abbd48b1aacef3c1a14f20d933b8",
        "is_verified": false,
        "line_number": 17
      },
      {
        "type": "Secret Keyword",
        "filename": "backend\\app\\ingestion\\constants.py",
        "hashed_secret": "58572bdb47fb0f093ffee0661891ff2d79bf8d70",
        "is_verified": false,
        "line_number": 19
      }
    ],
    "backend\\app\\ingestion\\demo_bootstrap.py": [
      {
        "type": "Secret Keyword",
        "filename": "backend\\app\\ingestion\\demo_bootstrap.py",
        "hashed_secret": "09a8407664417440276aea88afadb44343a3e33f",
        "is_verified": false,
        "line_number": 61
      }
    ],
    "backend\\scripts\\gtex_load_test.py": [
      {
        "type": "Secret Keyword",
        "filename": "backend\\scripts\\gtex_load_test.py",
        "hashed_secret": "401219f199999b7886c5413ebe466562db313629",
        "is_verified": false,
        "line_number": 25
      }
    ],
    "backend\\scripts\\gtex_reliability_load.py": [
      {
        "type": "Secret Keyword",
        "filename": "backend\\scripts\\gtex_reliability_load.py",
        "hashed_secret": "929ecf62fc4c4d99e2da4eac72aac0eb2a40ee81",
        "is_verified": false,
        "line_number": 512
      }
    ],
    "backend\\scripts\\validate_advanced_integrations.py": [
      {
        "type": "Secret Keyword",
        "filename": "backend\\scripts\\validate_advanced_integrations.py",
        "hashed_secret": "908ac152e54bb4ec31cc1d7d5b186da7a42f9568",
        "is_verified": false,
        "line_number": 113
      }
    ],
    "backend\\tests\\admin_godmode\\test_router_permissions.py": [
      {
        "type": "Secret Keyword",
        "filename": "backend\\tests\\admin_godmode\\test_router_permissions.py",
        "hashed_secret": "0dbb4b0e188cb32772d1c099ce4a37641646b07d",
        "is_verified": false,
        "line_number": 35
      }
    ],
    "backend\\tests\\ads_engine\\test_router.py": [
      {
        "type": "Secret Keyword",
        "filename": "backend\\tests\\ads_engine\\test_router.py",
        "hashed_secret": "ce7501007f04a6529e650f1f1b3fc0586d1d94eb",
        "is_verified": false,
        "line_number": 75
      }
    ],
    "backend\\tests\\analytics\\test_public_router.py": [
      {
        "type": "Secret Keyword",
        "filename": "backend\\tests\\analytics\\test_public_router.py",
        "hashed_secret": "6318553899daae2941718c02508aeee938af1a1c",
        "is_verified": false,
        "line_number": 32
      }
    ],
    "backend\\tests\\app\\test_api_contracts.py": [
      {
        "type": "Secret Keyword",
        "filename": "backend\\tests\\app\\test_api_contracts.py",
        "hashed_secret": "0dbb4b0e188cb32772d1c099ce4a37641646b07d",
        "is_verified": false,
        "line_number": 131
      }
    ],
    "backend\\tests\\app\\test_email_config.py": [
      {
        "type": "Secret Keyword",
        "filename": "backend\\tests\\app\\test_email_config.py",
        "hashed_secret": "e859057780ecaa23d1b788de6483e44018b7af6e",
        "is_verified": false,
        "line_number": 20
      }
    ],
    "backend\\tests\\app\\test_live_commentary_config.py": [
      {
        "type": "Secret Keyword",
        "filename": "backend\\tests\\app\\test_live_commentary_config.py",
        "hashed_secret": "3acfb2c2b433c0ea7ff107e33df91b18e52f960f",
        "is_verified": false,
        "line_number": 17
      }
    ],
    "backend\\tests\\app\\test_phase8_admin_surveillance.py": [
      {
        "type": "Secret Keyword",
        "filename": "backend\\tests\\app\\test_phase8_admin_surveillance.py",
        "hashed_secret": "22cb20d5830fd22ff810bc6182f34489a2b0fee1",
        "is_verified": false,
        "line_number": 80
      },
      {
        "type": "Secret Keyword",
        "filename": "backend\\tests\\app\\test_phase8_admin_surveillance.py",
        "hashed_secret": "0dbb4b0e188cb32772d1c099ce4a37641646b07d",
        "is_verified": false,
        "line_number": 96
      }
    ],
    "backend\\tests\\app\\test_real_player_import_config.py": [
      {
        "type": "Secret Keyword",
        "filename": "backend\\tests\\app\\test_real_player_import_config.py",
        "hashed_secret": "7c0a167117a23ff57890eb61b5ac6b1a7ec69b26",
        "is_verified": false,
        "line_number": 58
      }
    ],
    "backend\\tests\\app\\test_social_content_config.py": [
      {
        "type": "Secret Keyword",
        "filename": "backend\\tests\\app\\test_social_content_config.py",
        "hashed_secret": "b756203601ad5d653b973ad8153d12cf77cedafd",
        "is_verified": false,
        "line_number": 17
      }
    ],
    "backend\\tests\\auth\\test_auth_schemas.py": [
      {
        "type": "Secret Keyword",
        "filename": "backend\\tests\\auth\\test_auth_schemas.py",
        "hashed_secret": "0dbb4b0e188cb32772d1c099ce4a37641646b07d",
        "is_verified": false,
        "line_number": 14
      }
    ],
    "backend\\tests\\auth\\test_organizations_router.py": [
      {
        "type": "Secret Keyword",
        "filename": "backend\\tests\\auth\\test_organizations_router.py",
        "hashed_secret": "0dbb4b0e188cb32772d1c099ce4a37641646b07d",
        "is_verified": false,
        "line_number": 28
      }
    ],
    "backend\\tests\\awards\\test_router.py": [
      {
        "type": "Secret Keyword",
        "filename": "backend\\tests\\awards\\test_router.py",
        "hashed_secret": "6318553899daae2941718c02508aeee938af1a1c",
        "is_verified": false,
        "line_number": 92
      }
    ],
    "backend\\tests\\betting\\test_router.py": [
      {
        "type": "Secret Keyword",
        "filename": "backend\\tests\\betting\\test_router.py",
        "hashed_secret": "2346ad27d7568ba9896f1b7da6b5991251debdf2",
        "is_verified": false,
        "line_number": 54
      }
    ],
    "backend\\tests\\competitions\\conftest.py": [
      {
        "type": "Secret Keyword",
        "filename": "backend\\tests\\competitions\\conftest.py",
        "hashed_secret": "908ac152e54bb4ec31cc1d7d5b186da7a42f9568",
        "is_verified": false,
        "line_number": 24
      }
    ],
    "backend\\tests\\competitions\\test_competition_reward_settlement.py": [
      {
        "type": "Secret Keyword",
        "filename": "backend\\tests\\competitions\\test_competition_reward_settlement.py",
        "hashed_secret": "0dbb4b0e188cb32772d1c099ce4a37641646b07d",
        "is_verified": false,
        "line_number": 49
      }
    ],
    "backend\\tests\\competitive_integrity\\test_service.py": [
      {
        "type": "Secret Keyword",
        "filename": "backend\\tests\\competitive_integrity\\test_service.py",
        "hashed_secret": "0dbb4b0e188cb32772d1c099ce4a37641646b07d",
        "is_verified": false,
        "line_number": 56
      }
    ],
    "backend\\tests\\creator\\test_creator_application_router.py": [
      {
        "type": "Secret Keyword",
        "filename": "backend\\tests\\creator\\test_creator_application_router.py",
        "hashed_secret": "0dbb4b0e188cb32772d1c099ce4a37641646b07d",
        "is_verified": false,
        "line_number": 33
      }
    ],
    "backend\\tests\\creator\\test_creator_attention_earnings_service.py": [
      {
        "type": "Secret Keyword",
        "filename": "backend\\tests\\creator\\test_creator_attention_earnings_service.py",
        "hashed_secret": "6318553899daae2941718c02508aeee938af1a1c",
        "is_verified": false,
        "line_number": 44
      }
    ],
    "backend\\tests\\creator\\test_creator_copilot_service.py": [
      {
        "type": "Secret Keyword",
        "filename": "backend\\tests\\creator\\test_creator_copilot_service.py",
        "hashed_secret": "6318553899daae2941718c02508aeee938af1a1c",
        "is_verified": false,
        "line_number": 54
      }
    ],
    "backend\\tests\\creator\\test_creator_marketplace.py": [
      {
        "type": "Secret Keyword",
        "filename": "backend\\tests\\creator\\test_creator_marketplace.py",
        "hashed_secret": "908ac152e54bb4ec31cc1d7d5b186da7a42f9568",
        "is_verified": false,
        "line_number": 71
      }
    ],
    "backend\\tests\\creator_league\\conftest.py": [
      {
        "type": "Secret Keyword",
        "filename": "backend\\tests\\creator_league\\conftest.py",
        "hashed_secret": "908ac152e54bb4ec31cc1d7d5b186da7a42f9568",
        "is_verified": false,
        "line_number": 69
      }
    ],
    "backend\\tests\\e2e\\conftest.py": [
      {
        "type": "Secret Keyword",
        "filename": "backend\\tests\\e2e\\conftest.py",
        "hashed_secret": "0dbb4b0e188cb32772d1c099ce4a37641646b07d",
        "is_verified": false,
        "line_number": 37
      }
    ],
    "backend\\tests\\e2e\\test_league_execution_flow.py": [
      {
        "type": "Secret Keyword",
        "filename": "backend\\tests\\e2e\\test_league_execution_flow.py",
        "hashed_secret": "0dbb4b0e188cb32772d1c099ce4a37641646b07d",
        "is_verified": false,
        "line_number": 37
      }
    ],
    "backend\\tests\\economy\\test_economy_router.py": [
      {
        "type": "Secret Keyword",
        "filename": "backend\\tests\\economy\\test_economy_router.py",
        "hashed_secret": "18232f2dbc25e5ea7f41efebd76de87dba739017",
        "is_verified": false,
        "line_number": 50
      },
      {
        "type": "Secret Keyword",
        "filename": "backend\\tests\\economy\\test_economy_router.py",
        "hashed_secret": "edb9408c45cc044ab0f148aa06abc13976df3ecb",
        "is_verified": false,
        "line_number": 51
      },
      {
        "type": "Secret Keyword",
        "filename": "backend\\tests\\economy\\test_economy_router.py",
        "hashed_secret": "daaf55209e65b5e1ed5df4d693785528e61212f9",
        "is_verified": false,
        "line_number": 93
      }
    ],
    "backend\\tests\\economy\\test_economy_service.py": [
      {
        "type": "Secret Keyword",
        "filename": "backend\\tests\\economy\\test_economy_service.py",
        "hashed_secret": "6318553899daae2941718c02508aeee938af1a1c",
        "is_verified": false,
        "line_number": 63
      },
      {
        "type": "Secret Keyword",
        "filename": "backend\\tests\\economy\\test_economy_service.py",
        "hashed_secret": "edb9408c45cc044ab0f148aa06abc13976df3ecb",
        "is_verified": false,
        "line_number": 166
      },
      {
        "type": "Secret Keyword",
        "filename": "backend\\tests\\economy\\test_economy_service.py",
        "hashed_secret": "5818a9de89da2f19976dff15ca2f7be709b8832d",
        "is_verified": false,
        "line_number": 182
      },
      {
        "type": "Secret Keyword",
        "filename": "backend\\tests\\economy\\test_economy_service.py",
        "hashed_secret": "6ef79a26eb81ed0571014562812e847d8661d559",
        "is_verified": false,
        "line_number": 199
      }
    ],
    "backend\\tests\\economy\\test_match_economy_engine.py": [
      {
        "type": "Secret Keyword",
        "filename": "backend\\tests\\economy\\test_match_economy_engine.py",
        "hashed_secret": "6318553899daae2941718c02508aeee938af1a1c",
        "is_verified": false,
        "line_number": 65
      }
    ],
    "backend\\tests\\fan_wars\\conftest.py": [
      {
        "type": "Secret Keyword",
        "filename": "backend\\tests\\fan_wars\\conftest.py",
        "hashed_secret": "908ac152e54bb4ec31cc1d7d5b186da7a42f9568",
        "is_verified": false,
        "line_number": 82
      }
    ],
    "backend\\tests\\football_universe\\test_router.py": [
      {
        "type": "Secret Keyword",
        "filename": "backend\\tests\\football_universe\\test_router.py",
        "hashed_secret": "908ac152e54bb4ec31cc1d7d5b186da7a42f9568",
        "is_verified": false,
        "line_number": 76
      }
    ],
    "backend\\tests\\gift_engine\\test_gift_combo_logic.py": [
      {
        "type": "Secret Keyword",
        "filename": "backend\\tests\\gift_engine\\test_gift_combo_logic.py",
        "hashed_secret": "0dbb4b0e188cb32772d1c099ce4a37641646b07d",
        "is_verified": false,
        "line_number": 47
      }
    ],
    "backend\\tests\\global_memory\\test_api.py": [
      {
        "type": "Secret Keyword",
        "filename": "backend\\tests\\global_memory\\test_api.py",
        "hashed_secret": "2346ad27d7568ba9896f1b7da6b5991251debdf2",
        "is_verified": false,
        "line_number": 55
      }
    ],
    "backend\\tests\\gtex\\test_gtex_system.py": [
      {
        "type": "Secret Keyword",
        "filename": "backend\\tests\\gtex\\test_gtex_system.py",
        "hashed_secret": "ab3eb0f868f05373c611a6c904ae319ff0772c0c",
        "is_verified": false,
        "line_number": 31
      }
    ],
    "backend\\tests\\gtex\\test_gtex_universe_integration.py": [
      {
        "type": "Secret Keyword",
        "filename": "backend\\tests\\gtex\\test_gtex_universe_integration.py",
        "hashed_secret": "ab3eb0f868f05373c611a6c904ae319ff0772c0c",
        "is_verified": false,
        "line_number": 27
      }
    ],
    "backend\\tests\\gtex_universe\\test_social_warfare_layer.py": [
      {
        "type": "Secret Keyword",
        "filename": "backend\\tests\\gtex_universe\\test_social_warfare_layer.py",
        "hashed_secret": "6318553899daae2941718c02508aeee938af1a1c",
        "is_verified": false,
        "line_number": 60
      }
    ],
    "backend\\tests\\infinite_league\\test_router.py": [
      {
        "type": "Secret Keyword",
        "filename": "backend\\tests\\infinite_league\\test_router.py",
        "hashed_secret": "908ac152e54bb4ec31cc1d7d5b186da7a42f9568",
        "is_verified": false,
        "line_number": 58
      }
    ],
    "backend\\tests\\integration\\test_media_betting_flow.py": [
      {
        "type": "Secret Keyword",
        "filename": "backend\\tests\\integration\\test_media_betting_flow.py",
        "hashed_secret": "2346ad27d7568ba9896f1b7da6b5991251debdf2",
        "is_verified": false,
        "line_number": 75
      }
    ],
    "backend\\tests\\leaderboards\\test_ranking_service.py": [
      {
        "type": "Secret Keyword",
        "filename": "backend\\tests\\leaderboards\\test_ranking_service.py",
        "hashed_secret": "6318553899daae2941718c02508aeee938af1a1c",
        "is_verified": false,
        "line_number": 39
      }
    ],
    "backend\\tests\\manager_duels\\test_manager_duel_api.py": [
      {
        "type": "Secret Keyword",
        "filename": "backend\\tests\\manager_duels\\test_manager_duel_api.py",
        "hashed_secret": "0dbb4b0e188cb32772d1c099ce4a37641646b07d",
        "is_verified": false,
        "line_number": 24
      }
    ],
    "backend\\tests\\matching\\test_matching_service.py": [
      {
        "type": "Secret Keyword",
        "filename": "backend\\tests\\matching\\test_matching_service.py",
        "hashed_secret": "0dbb4b0e188cb32772d1c099ce4a37641646b07d",
        "is_verified": false,
        "line_number": 44
      }
    ],
    "backend\\tests\\media_engine\\test_creator_broadcast_service.py": [
      {
        "type": "Secret Keyword",
        "filename": "backend\\tests\\media_engine\\test_creator_broadcast_service.py",
        "hashed_secret": "908ac152e54bb4ec31cc1d7d5b186da7a42f9568",
        "is_verified": false,
        "line_number": 149
      }
    ],
    "backend\\tests\\media_engine\\test_creator_clip_monetization_service.py": [
      {
        "type": "Secret Keyword",
        "filename": "backend\\tests\\media_engine\\test_creator_clip_monetization_service.py",
        "hashed_secret": "6318553899daae2941718c02508aeee938af1a1c",
        "is_verified": false,
        "line_number": 37
      }
    ],
    "backend\\tests\\national_team_engine\\test_competition_lifecycle_router.py": [
      {
        "type": "Secret Keyword",
        "filename": "backend\\tests\\national_team_engine\\test_competition_lifecycle_router.py",
        "hashed_secret": "908ac152e54bb4ec31cc1d7d5b186da7a42f9568",
        "is_verified": false,
        "line_number": 38
      }
    ],
    "backend\\tests\\national_team_engine\\test_competition_lifecycle_service.py": [
      {
        "type": "Secret Keyword",
        "filename": "backend\\tests\\national_team_engine\\test_competition_lifecycle_service.py",
        "hashed_secret": "908ac152e54bb4ec31cc1d7d5b186da7a42f9568",
        "is_verified": false,
        "line_number": 42
      }
    ],
    "backend\\tests\\notifications\\conftest.py": [
      {
        "type": "Secret Keyword",
        "filename": "backend\\tests\\notifications\\conftest.py",
        "hashed_secret": "0dbb4b0e188cb32772d1c099ce4a37641646b07d",
        "is_verified": false,
        "line_number": 33
      }
    ],
    "backend\\tests\\orchestrator\\test_attention_orchestrator.py": [
      {
        "type": "Secret Keyword",
        "filename": "backend\\tests\\orchestrator\\test_attention_orchestrator.py",
        "hashed_secret": "6318553899daae2941718c02508aeee938af1a1c",
        "is_verified": false,
        "line_number": 401
      }
    ],
    "backend\\tests\\orders\\test_ledger_events.py": [
      {
        "type": "Secret Keyword",
        "filename": "backend\\tests\\orders\\test_ledger_events.py",
        "hashed_secret": "0dbb4b0e188cb32772d1c099ce4a37641646b07d",
        "is_verified": false,
        "line_number": 39
      }
    ],
    "backend\\tests\\orders\\test_order_http.py": [
      {
        "type": "Secret Keyword",
        "filename": "backend\\tests\\orders\\test_order_http.py",
        "hashed_secret": "0dbb4b0e188cb32772d1c099ce4a37641646b07d",
        "is_verified": false,
        "line_number": 70
      }
    ],
    "backend\\tests\\platform_experience\\test_router.py": [
      {
        "type": "Secret Keyword",
        "filename": "backend\\tests\\platform_experience\\test_router.py",
        "hashed_secret": "6318553899daae2941718c02508aeee938af1a1c",
        "is_verified": false,
        "line_number": 34
      }
    ],
    "backend\\tests\\player_cards\\test_player_card_market.py": [
      {
        "type": "Secret Keyword",
        "filename": "backend\\tests\\player_cards\\test_player_card_market.py",
        "hashed_secret": "6318553899daae2941718c02508aeee938af1a1c",
        "is_verified": false,
        "line_number": 44
      }
    ],
    "backend\\tests\\players\\test_player_share_market_routes.py": [
      {
        "type": "Secret Keyword",
        "filename": "backend\\tests\\players\\test_player_share_market_routes.py",
        "hashed_secret": "6318553899daae2941718c02508aeee938af1a1c",
        "is_verified": false,
        "line_number": 47
      }
    ],
    "backend\\tests\\players\\test_player_token_market_service.py": [
      {
        "type": "Secret Keyword",
        "filename": "backend\\tests\\players\\test_player_token_market_service.py",
        "hashed_secret": "6318553899daae2941718c02508aeee938af1a1c",
        "is_verified": false,
        "line_number": 40
      }
    ],
    "backend\\tests\\players\\test_real_player_universe_routes.py": [
      {
        "type": "Secret Keyword",
        "filename": "backend\\tests\\players\\test_real_player_universe_routes.py",
        "hashed_secret": "0dbb4b0e188cb32772d1c099ce4a37641646b07d",
        "is_verified": false,
        "line_number": 63
      }
    ],
    "backend\\tests\\portfolio\\test_portfolio_http.py": [
      {
        "type": "Secret Keyword",
        "filename": "backend\\tests\\portfolio\\test_portfolio_http.py",
        "hashed_secret": "0dbb4b0e188cb32772d1c099ce4a37641646b07d",
        "is_verified": false,
        "line_number": 44
      }
    ],
    "backend\\tests\\portfolio\\test_portfolio_service.py": [
      {
        "type": "Secret Keyword",
        "filename": "backend\\tests\\portfolio\\test_portfolio_service.py",
        "hashed_secret": "0dbb4b0e188cb32772d1c099ce4a37641646b07d",
        "is_verified": false,
        "line_number": 45
      }
    ],
    "backend\\tests\\providers\\test_api_sports_adapter.py": [
      {
        "type": "Secret Keyword",
        "filename": "backend\\tests\\providers\\test_api_sports_adapter.py",
        "hashed_secret": "7c0a167117a23ff57890eb61b5ac6b1a7ec69b26",
        "is_verified": false,
        "line_number": 12
      }
    ],
    "backend\\tests\\referrals\\test_api_creator_profiles.py": [
      {
        "type": "Secret Keyword",
        "filename": "backend\\tests\\referrals\\test_api_creator_profiles.py",
        "hashed_secret": "6318553899daae2941718c02508aeee938af1a1c",
        "is_verified": false,
        "line_number": 82
      }
    ],
    "backend\\tests\\regen\\test_regen_ecosystem_api.py": [
      {
        "type": "Secret Keyword",
        "filename": "backend\\tests\\regen\\test_regen_ecosystem_api.py",
        "hashed_secret": "2346ad27d7568ba9896f1b7da6b5991251debdf2",
        "is_verified": false,
        "line_number": 53
      }
    ],
    "backend\\tests\\regen\\test_regen_market_legacy.py": [
      {
        "type": "Secret Keyword",
        "filename": "backend\\tests\\regen\\test_regen_market_legacy.py",
        "hashed_secret": "2346ad27d7568ba9896f1b7da6b5991251debdf2",
        "is_verified": false,
        "line_number": 30
      }
    ],
    "backend\\tests\\regen\\test_regen_universe_expansion_api.py": [
      {
        "type": "Secret Keyword",
        "filename": "backend\\tests\\regen\\test_regen_universe_expansion_api.py",
        "hashed_secret": "0dbb4b0e188cb32772d1c099ce4a37641646b07d",
        "is_verified": false,
        "line_number": 38
      },
      {
        "type": "Secret Keyword",
        "filename": "backend\\tests\\regen\\test_regen_universe_expansion_api.py",
        "hashed_secret": "2346ad27d7568ba9896f1b7da6b5991251debdf2",
        "is_verified": false,
        "line_number": 154
      }
    ],
    "backend\\tests\\regen_universe_support.py": [
      {
        "type": "Secret Keyword",
        "filename": "backend\\tests\\regen_universe_support.py",
        "hashed_secret": "6318553899daae2941718c02508aeee938af1a1c",
        "is_verified": false,
        "line_number": 149
      }
    ],
    "backend\\tests\\reward_engine\\test_reward_engine_service.py": [
      {
        "type": "Secret Keyword",
        "filename": "backend\\tests\\reward_engine\\test_reward_engine_service.py",
        "hashed_secret": "0dbb4b0e188cb32772d1c099ce4a37641646b07d",
        "is_verified": false,
        "line_number": 40
      }
    ],
    "backend\\tests\\risk\\test_fraud_service.py": [
      {
        "type": "Secret Keyword",
        "filename": "backend\\tests\\risk\\test_fraud_service.py",
        "hashed_secret": "87ade5f59c88540d7aae878f1b5e9bd803ad0850",
        "is_verified": false,
        "line_number": 33
      }
    ],
    "backend\\tests\\risk\\test_risk_service.py": [
      {
        "type": "Secret Keyword",
        "filename": "backend\\tests\\risk\\test_risk_service.py",
        "hashed_secret": "0dbb4b0e188cb32772d1c099ce4a37641646b07d",
        "is_verified": false,
        "line_number": 39
      }
    ],
    "backend\\tests\\risk\\test_security_monitoring_service.py": [
      {
        "type": "Secret Keyword",
        "filename": "backend\\tests\\risk\\test_security_monitoring_service.py",
        "hashed_secret": "87ade5f59c88540d7aae878f1b5e9bd803ad0850",
        "is_verified": false,
        "line_number": 56
      }
    ],
    "backend\\tests\\runtime_config\\test_router.py": [
      {
        "type": "Secret Keyword",
        "filename": "backend\\tests\\runtime_config\\test_router.py",
        "hashed_secret": "6318553899daae2941718c02508aeee938af1a1c",
        "is_verified": false,
        "line_number": 35
      }
    ],
    "backend\\tests\\settlement\\test_settlement_service.py": [
      {
        "type": "Secret Keyword",
        "filename": "backend\\tests\\settlement\\test_settlement_service.py",
        "hashed_secret": "0dbb4b0e188cb32772d1c099ce4a37641646b07d",
        "is_verified": false,
        "line_number": 44
      }
    ],
    "backend\\tests\\test_gtex_fan_experience.py": [
      {
        "type": "Secret Keyword",
        "filename": "backend\\tests\\test_gtex_fan_experience.py",
        "hashed_secret": "6318553899daae2941718c02508aeee938af1a1c",
        "is_verified": false,
        "line_number": 74
      }
    ],
    "backend\\tests\\test_marketplace_service.py": [
      {
        "type": "Secret Keyword",
        "filename": "backend\\tests\\test_marketplace_service.py",
        "hashed_secret": "908ac152e54bb4ec31cc1d7d5b186da7a42f9568",
        "is_verified": false,
        "line_number": 59
      }
    ],
    "backend\\tests\\test_player_seed_service.py": [
      {
        "type": "Secret Keyword",
        "filename": "backend\\tests\\test_player_seed_service.py",
        "hashed_secret": "9bfc927b33cd2d5a77a0c0195d765c5e6d6b4ea1",
        "is_verified": false,
        "line_number": 142
      }
    ],
    "backend\\tests\\ticketing\\test_router.py": [
      {
        "type": "Secret Keyword",
        "filename": "backend\\tests\\ticketing\\test_router.py",
        "hashed_secret": "2346ad27d7568ba9896f1b7da6b5991251debdf2",
        "is_verified": false,
        "line_number": 72
      }
    ],
    "backend\\tests\\tournaments\\test_tournament_router.py": [
      {
        "type": "Secret Keyword",
        "filename": "backend\\tests\\tournaments\\test_tournament_router.py",
        "hashed_secret": "908ac152e54bb4ec31cc1d7d5b186da7a42f9568",
        "is_verified": false,
        "line_number": 70
      }
    ],
    "backend\\tests\\treasury\\test_withdrawal_reviews.py": [
      {
        "type": "Secret Keyword",
        "filename": "backend\\tests\\treasury\\test_withdrawal_reviews.py",
        "hashed_secret": "0dbb4b0e188cb32772d1c099ce4a37641646b07d",
        "is_verified": false,
        "line_number": 40
      }
    ],
    "backend\\tests\\users\\test_user_affinity_router.py": [
      {
        "type": "Secret Keyword",
        "filename": "backend\\tests\\users\\test_user_affinity_router.py",
        "hashed_secret": "6318553899daae2941718c02508aeee938af1a1c",
        "is_verified": false,
        "line_number": 171
      }
    ],
    "backend\\tests\\viral\\test_personalized_feed_service.py": [
      {
        "type": "Secret Keyword",
        "filename": "backend\\tests\\viral\\test_personalized_feed_service.py",
        "hashed_secret": "6318553899daae2941718c02508aeee938af1a1c",
        "is_verified": false,
        "line_number": 90
      }
    ],
    "backend\\tests\\viral\\test_ranking_service.py": [
      {
        "type": "Secret Keyword",
        "filename": "backend\\tests\\viral\\test_ranking_service.py",
        "hashed_secret": "6318553899daae2941718c02508aeee938af1a1c",
        "is_verified": false,
        "line_number": 338
      }
    ],
    "backend\\tests\\viral\\test_router.py": [
      {
        "type": "Secret Keyword",
        "filename": "backend\\tests\\viral\\test_router.py",
        "hashed_secret": "6318553899daae2941718c02508aeee938af1a1c",
        "is_verified": false,
        "line_number": 108
      }
    ],
    "backend\\tests\\viral\\test_system_feed_refresh.py": [
      {
        "type": "Secret Keyword",
        "filename": "backend\\tests\\viral\\test_system_feed_refresh.py",
        "hashed_secret": "0dbb4b0e188cb32772d1c099ce4a37641646b07d",
        "is_verified": false,
        "line_number": 148
      }
    ],
    "backend\\tests\\viral\\test_trust.py": [
      {
        "type": "Secret Keyword",
        "filename": "backend\\tests\\viral\\test_trust.py",
        "hashed_secret": "6318553899daae2941718c02508aeee938af1a1c",
        "is_verified": false,
        "line_number": 35
      }
    ],
    "backend\\tests\\wallets\\test_wallet_event_backbone.py": [
      {
        "type": "Secret Keyword",
        "filename": "backend\\tests\\wallets\\test_wallet_event_backbone.py",
        "hashed_secret": "87ade5f59c88540d7aae878f1b5e9bd803ad0850",
        "is_verified": false,
        "line_number": 27
      }
    ],
    "backend\\tests\\wallets\\test_wallet_http.py": [
      {
        "type": "Secret Keyword",
        "filename": "backend\\tests\\wallets\\test_wallet_http.py",
        "hashed_secret": "0dbb4b0e188cb32772d1c099ce4a37641646b07d",
        "is_verified": false,
        "line_number": 50
      }
    ],
    "backend\\tests\\wallets\\test_wallet_service.py": [
      {
        "type": "Secret Keyword",
        "filename": "backend\\tests\\wallets\\test_wallet_service.py",
        "hashed_secret": "0dbb4b0e188cb32772d1c099ce4a37641646b07d",
        "is_verified": false,
        "line_number": 77
      }
    ],
    "frontend\\.metadata": [
      {
        "type": "Hex High Entropy String",
        "filename": "frontend\\.metadata",
        "hashed_secret": "79700d868af3d29ea5fcd6a66a1ccf9adad8932d",
        "is_verified": false,
        "line_number": 7
      }
    ],
    "frontend\\lib\\data\\competition_api.dart": [
      {
        "type": "Base64 High Entropy String",
        "filename": "frontend\\lib\\data\\competition_api.dart",
        "hashed_secret": "f8c6f1ff98c5ee78c27d34a3ca68f35ad79847af",
        "is_verified": false,
        "line_number": 633
      }
    ],
    "frontend\\test\\gte_exchange_controller_hardening_test.dart": [
      {
        "type": "Secret Keyword",
        "filename": "frontend\\test\\gte_exchange_controller_hardening_test.dart",
        "hashed_secret": "5baa61e4c9b93f3f0682250b6cf8331b7ee68fd8",
        "is_verified": false,
        "line_number": 40
      }
    ],
    "ops\\k8s\\base\\ingress.yaml": [
      {
        "type": "Secret Keyword",
        "filename": "ops\\k8s\\base\\ingress.yaml",
        "hashed_secret": "f991325a8e4afe2e37dc2117fa9648c79fbfd7d1",
        "is_verified": false,
        "line_number": 13
      }
    ],
    "ops\\k8s\\base\\secret.example.yaml": [
      {
        "type": "Basic Auth Credentials",
        "filename": "ops\\k8s\\base\\secret.example.yaml",
        "hashed_secret": "e8d4a2f731a2b37fcb169639d14ccb9350952d59",
        "is_verified": false,
        "line_number": 7
      },
      {
        "type": "Secret Keyword",
        "filename": "ops\\k8s\\base\\secret.example.yaml",
        "hashed_secret": "e8d4a2f731a2b37fcb169639d14ccb9350952d59",
        "is_verified": false,
        "line_number": 9
      }
    ],
    "ops\\observability\\docker-compose.yml": [
      {
        "type": "Secret Keyword",
        "filename": "ops\\observability\\docker-compose.yml",
        "hashed_secret": "d033e22ae348aeb5660fc2140aec35850c4da997",
        "is_verified": false,
        "line_number": 58
      }
    ],
    "ops\\render\\build-frontend.sh": [
      {
        "type": "Hex High Entropy String",
        "filename": "ops\\render\\build-frontend.sh",
        "hashed_secret": "79700d868af3d29ea5fcd6a66a1ccf9adad8932d",
        "is_verified": false,
        "line_number": 8
      }
    ],
    "shared\\api_contract.json": [
      {
        "type": "Secret Keyword",
        "filename": "shared\\api_contract.json",
        "hashed_secret": "093004a3d424d8990b0c528ae82d817367657f98",
        "is_verified": false,
        "line_number": 19165
      }
    ],
    "tests\\transfer_market\\test_transfer_market_auth.py": [
      {
        "type": "Secret Keyword",
        "filename": "tests\\transfer_market\\test_transfer_market_auth.py",
        "hashed_secret": "908ac152e54bb4ec31cc1d7d5b186da7a42f9568",
        "is_verified": false,
        "line_number": 30
      }
    ]
  },
  "generated_at": "2026-05-17T08:51:00Z"
}
